components/TaskSystem.tsx(151,94): error TS2322: Type '{ className: string; }' is not assignable to type 'IntrinsicAttributes'.
  Property 'className' does not exist on type 'IntrinsicAttributes'.
components/TaskSystem.tsx(581,55): error TS2322: Type '{ className: string; }' is not assignable to type 'IntrinsicAttributes'.
  Property 'className' does not exist on type 'IntrinsicAttributes'.
services/geminiService.ts(5,29): error TS2339: Property 'env' does not exist on type 'ImportMeta'.
services/seeder.ts(86,21): error TS2561: Object literal may only specify known properties, but 'assignedUserId' does not exist in type 'ProjectTask'. Did you mean to write 'assignedUserIds'?
services/seeder.ts(112,61): error TS2551: Property 'assignedUserId' does not exist on type 'ProjectTask'. Did you mean 'assignedUserIds'?
services/supabaseClient.ts(4,33): error TS2339: Property 'env' does not exist on type 'ImportMeta'.
services/supabaseClient.ts(5,33): error TS2339: Property 'env' does not exist on type 'ImportMeta'.
